------------------------------------------------------------
TimeQuest Timing Analyzer Summary
------------------------------------------------------------

Type  : Slow 1200mV 85C Model Setup 'alarmSM:SM_alarm|fstate.set_hora'
Slack : -7.957
TNS   : -182.062

Type  : Slow 1200mV 85C Model Setup 'CLOCK_50'
Slack : -3.736
TNS   : -186.636

Type  : Slow 1200mV 85C Model Hold 'CLOCK_50'
Slack : 0.402
TNS   : 0.000

Type  : Slow 1200mV 85C Model Hold 'alarmSM:SM_alarm|fstate.set_hora'
Slack : 0.536
TNS   : 0.000

Type  : Slow 1200mV 85C Model Recovery 'CLOCK_50'
Slack : -1.000
TNS   : -8.514

Type  : Slow 1200mV 85C Model Removal 'CLOCK_50'
Slack : 0.634
TNS   : 0.000

Type  : Slow 1200mV 85C Model Minimum Pulse Width 'CLOCK_50'
Slack : -3.000
TNS   : -137.925

Type  : Slow 1200mV 85C Model Minimum Pulse Width 'alarmSM:SM_alarm|fstate.set_hora'
Slack : 0.355
TNS   : 0.000

Type  : Slow 1200mV 0C Model Setup 'alarmSM:SM_alarm|fstate.set_hora'
Slack : -7.095
TNS   : -166.746

Type  : Slow 1200mV 0C Model Setup 'CLOCK_50'
Slack : -3.404
TNS   : -161.367

Type  : Slow 1200mV 0C Model Hold 'CLOCK_50'
Slack : 0.354
TNS   : 0.000

Type  : Slow 1200mV 0C Model Hold 'alarmSM:SM_alarm|fstate.set_hora'
Slack : 0.500
TNS   : 0.000

Type  : Slow 1200mV 0C Model Recovery 'CLOCK_50'
Slack : -0.838
TNS   : -6.262

Type  : Slow 1200mV 0C Model Removal 'CLOCK_50'
Slack : 0.576
TNS   : 0.000

Type  : Slow 1200mV 0C Model Minimum Pulse Width 'CLOCK_50'
Slack : -3.000
TNS   : -137.925

Type  : Slow 1200mV 0C Model Minimum Pulse Width 'alarmSM:SM_alarm|fstate.set_hora'
Slack : 0.421
TNS   : 0.000

Type  : Fast 1200mV 0C Model Setup 'alarmSM:SM_alarm|fstate.set_hora'
Slack : -3.637
TNS   : -79.411

Type  : Fast 1200mV 0C Model Setup 'CLOCK_50'
Slack : -1.379
TNS   : -50.113

Type  : Fast 1200mV 0C Model Hold 'alarmSM:SM_alarm|fstate.set_hora'
Slack : 0.021
TNS   : 0.000

Type  : Fast 1200mV 0C Model Hold 'CLOCK_50'
Slack : 0.097
TNS   : 0.000

Type  : Fast 1200mV 0C Model Recovery 'CLOCK_50'
Slack : -0.042
TNS   : -0.168

Type  : Fast 1200mV 0C Model Removal 'CLOCK_50'
Slack : 0.304
TNS   : 0.000

Type  : Fast 1200mV 0C Model Minimum Pulse Width 'CLOCK_50'
Slack : -3.000
TNS   : -139.682

Type  : Fast 1200mV 0C Model Minimum Pulse Width 'alarmSM:SM_alarm|fstate.set_hora'
Slack : 0.275
TNS   : 0.000

------------------------------------------------------------
