Analysis & Synthesis report for relogio
Thu Sep 28 15:00:32 2017
Quartus Prime Version 17.0.0 Build 595 04/25/2017 SJ Lite Edition


---------------------
; Table of Contents ;
---------------------
  1. Legal Notice
  2. Analysis & Synthesis Summary
  3. Analysis & Synthesis Settings
  4. Parallel Compilation
  5. Analysis & Synthesis Source Files Read
  6. Analysis & Synthesis Resource Usage Summary
  7. Analysis & Synthesis Resource Utilization by Entity
  8. Registers Removed During Synthesis
  9. General Register Statistics
 10. Parameter Settings for User Entity Instance: tempo:unidade_segundo|registrador:reg
 11. Parameter Settings for User Entity Instance: tempo:unidade_segundo|ULA:ULA
 12. Parameter Settings for User Entity Instance: tempo:dezena_segundo|registrador:reg
 13. Parameter Settings for User Entity Instance: tempo:dezena_segundo|ULA:ULA
 14. Parameter Settings for User Entity Instance: tempo:unidade_minuto|registrador:reg
 15. Parameter Settings for User Entity Instance: tempo:unidade_minuto|ULA:ULA
 16. Parameter Settings for User Entity Instance: tempo:dezena_minuto|registrador:reg
 17. Parameter Settings for User Entity Instance: tempo:dezena_minuto|ULA:ULA
 18. Parameter Settings for User Entity Instance: tempo:unidade_hora|registrador:reg
 19. Parameter Settings for User Entity Instance: tempo:unidade_hora|ULA:ULA
 20. Parameter Settings for User Entity Instance: tempo:dezena_hora|registrador:reg
 21. Parameter Settings for User Entity Instance: tempo:dezena_hora|ULA:ULA
 22. Port Connectivity Checks: "tempo:dezena_hora"
 23. Port Connectivity Checks: "tempo:unidade_hora"
 24. Port Connectivity Checks: "tempo:dezena_minuto"
 25. Port Connectivity Checks: "tempo:unidade_minuto"
 26. Port Connectivity Checks: "tempo:dezena_segundo"
 27. Port Connectivity Checks: "tempo:unidade_segundo|conversorHex7Seg:display0"
 28. Port Connectivity Checks: "tempo:unidade_segundo|mux2:MUX1"
 29. Port Connectivity Checks: "tempo:unidade_segundo|ULA:ULA"
 30. Port Connectivity Checks: "tempo:unidade_segundo|registrador:reg"
 31. Port Connectivity Checks: "tempo:unidade_segundo"
 32. Port Connectivity Checks: "CountOneSec:counter"
 33. Post-Synthesis Netlist Statistics for Top Partition
 34. Elapsed Time Per Partition
 35. Analysis & Synthesis Messages



----------------
; Legal Notice ;
----------------
Copyright (C) 2017  Intel Corporation. All rights reserved.
Your use of Intel Corporation's design tools, logic functions 
and other software and tools, and its AMPP partner logic 
functions, and any output files from any of the foregoing 
(including device programming or simulation files), and any 
associated documentation or information are expressly subject 
to the terms and conditions of the Intel Program License 
Subscription Agreement, the Intel Quartus Prime License Agreement,
the Intel MegaCore Function License Agreement, or other 
applicable license agreement, including, without limitation, 
that your use is for the sole purpose of programming logic 
devices manufactured by Intel and sold by Intel or its 
authorized distributors.  Please refer to the applicable 
agreement for further details.



+----------------------------------------------------------------------------------+
; Analysis & Synthesis Summary                                                     ;
+------------------------------------+---------------------------------------------+
; Analysis & Synthesis Status        ; Successful - Thu Sep 28 15:00:32 2017       ;
; Quartus Prime Version              ; 17.0.0 Build 595 04/25/2017 SJ Lite Edition ;
; Revision Name                      ; relogio                                     ;
; Top-level Entity Name              ; FSMtopLevel                                 ;
; Family                             ; Cyclone IV E                                ;
; Total logic elements               ; 263                                         ;
;     Total combinational functions  ; 261                                         ;
;     Dedicated logic registers      ; 108                                         ;
; Total registers                    ; 108                                         ;
; Total pins                         ; 92                                          ;
; Total virtual pins                 ; 0                                           ;
; Total memory bits                  ; 0                                           ;
; Embedded Multiplier 9-bit elements ; 0                                           ;
; Total PLLs                         ; 0                                           ;
+------------------------------------+---------------------------------------------+


+----------------------------------------------------------------------------------------------------------------------+
; Analysis & Synthesis Settings                                                                                        ;
+----------------------------------------------------------------------------+--------------------+--------------------+
; Option                                                                     ; Setting            ; Default Value      ;
+----------------------------------------------------------------------------+--------------------+--------------------+
; Device                                                                     ; EP4CE115F29C7      ;                    ;
; Top-level entity name                                                      ; FSMtopLevel        ; relogio            ;
; Family name                                                                ; Cyclone IV E       ; Cyclone V          ;
; Use smart compilation                                                      ; Off                ; Off                ;
; Enable parallel Assembler and TimeQuest Timing Analyzer during compilation ; On                 ; On                 ;
; Enable compact report table                                                ; Off                ; Off                ;
; Restructure Multiplexers                                                   ; Auto               ; Auto               ;
; Create Debugging Nodes for IP Cores                                        ; Off                ; Off                ;
; Preserve fewer node names                                                  ; On                 ; On                 ;
; OpenCore Plus hardware evaluation                                          ; Enable             ; Enable             ;
; Verilog Version                                                            ; Verilog_2001       ; Verilog_2001       ;
; VHDL Version                                                               ; VHDL_1993          ; VHDL_1993          ;
; State Machine Processing                                                   ; Auto               ; Auto               ;
; Safe State Machine                                                         ; Off                ; Off                ;
; Extract Verilog State Machines                                             ; On                 ; On                 ;
; Extract VHDL State Machines                                                ; On                 ; On                 ;
; Ignore Verilog initial constructs                                          ; Off                ; Off                ;
; Iteration limit for constant Verilog loops                                 ; 5000               ; 5000               ;
; Iteration limit for non-constant Verilog loops                             ; 250                ; 250                ;
; Add Pass-Through Logic to Inferred RAMs                                    ; On                 ; On                 ;
; Infer RAMs from Raw Logic                                                  ; On                 ; On                 ;
; Parallel Synthesis                                                         ; On                 ; On                 ;
; DSP Block Balancing                                                        ; Auto               ; Auto               ;
; NOT Gate Push-Back                                                         ; On                 ; On                 ;
; Power-Up Don't Care                                                        ; On                 ; On                 ;
; Remove Redundant Logic Cells                                               ; Off                ; Off                ;
; Remove Duplicate Registers                                                 ; On                 ; On                 ;
; Ignore CARRY Buffers                                                       ; Off                ; Off                ;
; Ignore CASCADE Buffers                                                     ; Off                ; Off                ;
; Ignore GLOBAL Buffers                                                      ; Off                ; Off                ;
; Ignore ROW GLOBAL Buffers                                                  ; Off                ; Off                ;
; Ignore LCELL Buffers                                                       ; Off                ; Off                ;
; Ignore SOFT Buffers                                                        ; On                 ; On                 ;
; Limit AHDL Integers to 32 Bits                                             ; Off                ; Off                ;
; Optimization Technique                                                     ; Balanced           ; Balanced           ;
; Carry Chain Length                                                         ; 70                 ; 70                 ;
; Auto Carry Chains                                                          ; On                 ; On                 ;
; Auto Open-Drain Pins                                                       ; On                 ; On                 ;
; Perform WYSIWYG Primitive Resynthesis                                      ; Off                ; Off                ;
; Auto ROM Replacement                                                       ; On                 ; On                 ;
; Auto RAM Replacement                                                       ; On                 ; On                 ;
; Auto DSP Block Replacement                                                 ; On                 ; On                 ;
; Auto Shift Register Replacement                                            ; Auto               ; Auto               ;
; Allow Shift Register Merging across Hierarchies                            ; Auto               ; Auto               ;
; Auto Clock Enable Replacement                                              ; On                 ; On                 ;
; Strict RAM Replacement                                                     ; Off                ; Off                ;
; Allow Synchronous Control Signals                                          ; On                 ; On                 ;
; Force Use of Synchronous Clear Signals                                     ; Off                ; Off                ;
; Auto RAM Block Balancing                                                   ; On                 ; On                 ;
; Auto RAM to Logic Cell Conversion                                          ; Off                ; Off                ;
; Auto Resource Sharing                                                      ; Off                ; Off                ;
; Allow Any RAM Size For Recognition                                         ; Off                ; Off                ;
; Allow Any ROM Size For Recognition                                         ; Off                ; Off                ;
; Allow Any Shift Register Size For Recognition                              ; Off                ; Off                ;
; Use LogicLock Constraints during Resource Balancing                        ; On                 ; On                 ;
; Ignore translate_off and synthesis_off directives                          ; Off                ; Off                ;
; Timing-Driven Synthesis                                                    ; On                 ; On                 ;
; Report Parameter Settings                                                  ; On                 ; On                 ;
; Report Source Assignments                                                  ; On                 ; On                 ;
; Report Connectivity Checks                                                 ; On                 ; On                 ;
; Ignore Maximum Fan-Out Assignments                                         ; Off                ; Off                ;
; Synchronization Register Chain Length                                      ; 2                  ; 2                  ;
; PowerPlay Power Optimization During Synthesis                              ; Normal compilation ; Normal compilation ;
; HDL message level                                                          ; Level2             ; Level2             ;
; Suppress Register Optimization Related Messages                            ; Off                ; Off                ;
; Number of Removed Registers Reported in Synthesis Report                   ; 5000               ; 5000               ;
; Number of Swept Nodes Reported in Synthesis Report                         ; 5000               ; 5000               ;
; Number of Inverted Registers Reported in Synthesis Report                  ; 100                ; 100                ;
; Clock MUX Protection                                                       ; On                 ; On                 ;
; Auto Gated Clock Conversion                                                ; Off                ; Off                ;
; Block Design Naming                                                        ; Auto               ; Auto               ;
; SDC constraint protection                                                  ; Off                ; Off                ;
; Synthesis Effort                                                           ; Auto               ; Auto               ;
; Shift Register Replacement - Allow Asynchronous Clear Signal               ; On                 ; On                 ;
; Pre-Mapping Resynthesis Optimization                                       ; Off                ; Off                ;
; Analysis & Synthesis Message Level                                         ; Medium             ; Medium             ;
; Disable Register Merging Across Hierarchies                                ; Auto               ; Auto               ;
; Resource Aware Inference For Block RAM                                     ; On                 ; On                 ;
+----------------------------------------------------------------------------+--------------------+--------------------+


+------------------------------------------+
; Parallel Compilation                     ;
+----------------------------+-------------+
; Processors                 ; Number      ;
+----------------------------+-------------+
; Number detected on machine ; 4           ;
; Maximum allowed            ; 2           ;
;                            ;             ;
; Average used               ; 1.00        ;
; Maximum used               ; 2           ;
;                            ;             ;
; Usage by Processor         ; % Time Used ;
;     Processor 1            ; 100.0%      ;
;     Processor 2            ;   0.0%      ;
+----------------------------+-------------+


+---------------------------------------------------------------------------------------------------------------------------------------------------------+
; Analysis & Synthesis Source Files Read                                                                                                                  ;
+----------------------------------+-----------------+-----------------+------------------------------------------------------------------------+---------+
; File Name with User-Entered Path ; Used in Netlist ; File Type       ; File Name with Absolute Path                                           ; Library ;
+----------------------------------+-----------------+-----------------+------------------------------------------------------------------------+---------+
; xor2.vhd                         ; yes             ; User VHDL File  ; /home/matheus/Documents/ProjetoDesignComputadores/xor2.vhd             ;         ;
; mux2.vhd                         ; yes             ; User VHDL File  ; /home/matheus/Documents/ProjetoDesignComputadores/mux2.vhd             ;         ;
; CountOneSec.vhd                  ; yes             ; User VHDL File  ; /home/matheus/Documents/ProjetoDesignComputadores/CountOneSec.vhd      ;         ;
; FSMtopLevel.vhd                  ; yes             ; User VHDL File  ; /home/matheus/Documents/ProjetoDesignComputadores/FSMtopLevel.vhd      ;         ;
; conversorHex7Seg.vhd             ; yes             ; User VHDL File  ; /home/matheus/Documents/ProjetoDesignComputadores/conversorHex7Seg.vhd ;         ;
; registrador.vhd                  ; yes             ; User VHDL File  ; /home/matheus/Documents/ProjetoDesignComputadores/registrador.vhd      ;         ;
; ULA.vhd                          ; yes             ; User VHDL File  ; /home/matheus/Documents/ProjetoDesignComputadores/ULA.vhd              ;         ;
; tempo.vhd                        ; yes             ; User VHDL File  ; /home/matheus/Documents/ProjetoDesignComputadores/tempo.vhd            ;         ;
; not2.vhd                         ; yes             ; User VHDL File  ; /home/matheus/Documents/ProjetoDesignComputadores/not2.vhd             ;         ;
; mux1.vhd                         ; yes             ; User VHDL File  ; /home/matheus/Documents/ProjetoDesignComputadores/mux1.vhd             ;         ;
; debounce.vhd                     ; yes             ; User VHDL File  ; /home/matheus/Documents/ProjetoDesignComputadores/debounce.vhd         ;         ;
+----------------------------------+-----------------+-----------------+------------------------------------------------------------------------+---------+


+--------------------------------------------------------------+
; Analysis & Synthesis Resource Usage Summary                  ;
+---------------------------------------------+----------------+
; Resource                                    ; Usage          ;
+---------------------------------------------+----------------+
; Estimated Total logic elements              ; 263            ;
;                                             ;                ;
; Total combinational functions               ; 261            ;
; Logic element usage by number of LUT inputs ;                ;
;     -- 4 input functions                    ; 144            ;
;     -- 3 input functions                    ; 30             ;
;     -- <=2 input functions                  ; 87             ;
;                                             ;                ;
; Logic elements by mode                      ;                ;
;     -- normal mode                          ; 186            ;
;     -- arithmetic mode                      ; 75             ;
;                                             ;                ;
; Total registers                             ; 108            ;
;     -- Dedicated logic registers            ; 108            ;
;     -- I/O registers                        ; 0              ;
;                                             ;                ;
; I/O pins                                    ; 92             ;
;                                             ;                ;
; Embedded Multiplier 9-bit elements          ; 0              ;
;                                             ;                ;
; Maximum fan-out node                        ; CLOCK_50~input ;
; Maximum fan-out                             ; 108            ;
; Total fan-out                               ; 1265           ;
; Average fan-out                             ; 2.29           ;
+---------------------------------------------+----------------+


+---------------------------------------------------------------------------------------------------------------------------------------------------------------------------------------------------------------------------------------------------------------+
; Analysis & Synthesis Resource Utilization by Entity                                                                                                                                                                                                           ;
+-----------------------------------+---------------------+---------------------------+-------------+--------------+---------+-----------+------+--------------+--------------------------------------------------------------+------------------+--------------+
; Compilation Hierarchy Node        ; Combinational ALUTs ; Dedicated Logic Registers ; Memory Bits ; DSP Elements ; DSP 9x9 ; DSP 18x18 ; Pins ; Virtual Pins ; Full Hierarchy Name                                          ; Entity Name      ; Library Name ;
+-----------------------------------+---------------------+---------------------------+-------------+--------------+---------+-----------+------+--------------+--------------------------------------------------------------+------------------+--------------+
; |FSMtopLevel                      ; 261 (0)             ; 108 (0)                   ; 0           ; 0            ; 0       ; 0         ; 92   ; 0            ; |FSMtopLevel                                                 ; FSMtopLevel      ; work         ;
;    |CountOneSec:counter|          ; 38 (38)             ; 30 (30)                   ; 0           ; 0            ; 0       ; 0         ; 0    ; 0            ; |FSMtopLevel|CountOneSec:counter                             ; CountOneSec      ; work         ;
;    |debounce:btn_set_hora|        ; 47 (47)             ; 27 (27)                   ; 0           ; 0            ; 0       ; 0         ; 0    ; 0            ; |FSMtopLevel|debounce:btn_set_hora                           ; debounce         ; work         ;
;    |debounce:btn_set_minuto|      ; 47 (47)             ; 27 (27)                   ; 0           ; 0            ; 0       ; 0         ; 0    ; 0            ; |FSMtopLevel|debounce:btn_set_minuto                         ; debounce         ; work         ;
;    |mux1:mux_set_hora|            ; 1 (1)               ; 0 (0)                     ; 0           ; 0            ; 0       ; 0         ; 0    ; 0            ; |FSMtopLevel|mux1:mux_set_hora                               ; mux1             ; work         ;
;    |tempo:dezena_hora|            ; 22 (0)              ; 4 (0)                     ; 0           ; 0            ; 0       ; 0         ; 0    ; 0            ; |FSMtopLevel|tempo:dezena_hora                               ; tempo            ; work         ;
;       |ULA:ULA|                   ; 4 (4)               ; 0 (0)                     ; 0           ; 0            ; 0       ; 0         ; 0    ; 0            ; |FSMtopLevel|tempo:dezena_hora|ULA:ULA                       ; ULA              ; work         ;
;       |conversorHex7Seg:display0| ; 15 (15)             ; 0 (0)                     ; 0           ; 0            ; 0       ; 0         ; 0    ; 0            ; |FSMtopLevel|tempo:dezena_hora|conversorHex7Seg:display0     ; conversorHex7Seg ; work         ;
;       |mux2:MUX1|                 ; 2 (2)               ; 0 (0)                     ; 0           ; 0            ; 0       ; 0         ; 0    ; 0            ; |FSMtopLevel|tempo:dezena_hora|mux2:MUX1                     ; mux2             ; work         ;
;       |registrador:reg|           ; 0 (0)               ; 4 (4)                     ; 0           ; 0            ; 0       ; 0         ; 0    ; 0            ; |FSMtopLevel|tempo:dezena_hora|registrador:reg               ; registrador      ; work         ;
;       |xor2:XOR1|                 ; 1 (1)               ; 0 (0)                     ; 0           ; 0            ; 0       ; 0         ; 0    ; 0            ; |FSMtopLevel|tempo:dezena_hora|xor2:XOR1                     ; xor2             ; work         ;
;    |tempo:dezena_minuto|          ; 21 (0)              ; 4 (0)                     ; 0           ; 0            ; 0       ; 0         ; 0    ; 0            ; |FSMtopLevel|tempo:dezena_minuto                             ; tempo            ; work         ;
;       |ULA:ULA|                   ; 4 (4)               ; 0 (0)                     ; 0           ; 0            ; 0       ; 0         ; 0    ; 0            ; |FSMtopLevel|tempo:dezena_minuto|ULA:ULA                     ; ULA              ; work         ;
;       |conversorHex7Seg:display0| ; 14 (14)             ; 0 (0)                     ; 0           ; 0            ; 0       ; 0         ; 0    ; 0            ; |FSMtopLevel|tempo:dezena_minuto|conversorHex7Seg:display0   ; conversorHex7Seg ; work         ;
;       |mux2:MUX1|                 ; 2 (2)               ; 0 (0)                     ; 0           ; 0            ; 0       ; 0         ; 0    ; 0            ; |FSMtopLevel|tempo:dezena_minuto|mux2:MUX1                   ; mux2             ; work         ;
;       |registrador:reg|           ; 0 (0)               ; 4 (4)                     ; 0           ; 0            ; 0       ; 0         ; 0    ; 0            ; |FSMtopLevel|tempo:dezena_minuto|registrador:reg             ; registrador      ; work         ;
;       |xor2:XOR1|                 ; 1 (1)               ; 0 (0)                     ; 0           ; 0            ; 0       ; 0         ; 0    ; 0            ; |FSMtopLevel|tempo:dezena_minuto|xor2:XOR1                   ; xor2             ; work         ;
;    |tempo:dezena_segundo|         ; 21 (0)              ; 4 (0)                     ; 0           ; 0            ; 0       ; 0         ; 0    ; 0            ; |FSMtopLevel|tempo:dezena_segundo                            ; tempo            ; work         ;
;       |ULA:ULA|                   ; 4 (4)               ; 0 (0)                     ; 0           ; 0            ; 0       ; 0         ; 0    ; 0            ; |FSMtopLevel|tempo:dezena_segundo|ULA:ULA                    ; ULA              ; work         ;
;       |conversorHex7Seg:display0| ; 13 (13)             ; 0 (0)                     ; 0           ; 0            ; 0       ; 0         ; 0    ; 0            ; |FSMtopLevel|tempo:dezena_segundo|conversorHex7Seg:display0  ; conversorHex7Seg ; work         ;
;       |mux2:MUX1|                 ; 2 (2)               ; 0 (0)                     ; 0           ; 0            ; 0       ; 0         ; 0    ; 0            ; |FSMtopLevel|tempo:dezena_segundo|mux2:MUX1                  ; mux2             ; work         ;
;       |registrador:reg|           ; 0 (0)               ; 4 (4)                     ; 0           ; 0            ; 0       ; 0         ; 0    ; 0            ; |FSMtopLevel|tempo:dezena_segundo|registrador:reg            ; registrador      ; work         ;
;       |xor2:XOR1|                 ; 2 (2)               ; 0 (0)                     ; 0           ; 0            ; 0       ; 0         ; 0    ; 0            ; |FSMtopLevel|tempo:dezena_segundo|xor2:XOR1                  ; xor2             ; work         ;
;    |tempo:unidade_hora|           ; 23 (0)              ; 4 (0)                     ; 0           ; 0            ; 0       ; 0         ; 0    ; 0            ; |FSMtopLevel|tempo:unidade_hora                              ; tempo            ; work         ;
;       |ULA:ULA|                   ; 3 (3)               ; 0 (0)                     ; 0           ; 0            ; 0       ; 0         ; 0    ; 0            ; |FSMtopLevel|tempo:unidade_hora|ULA:ULA                      ; ULA              ; work         ;
;       |conversorHex7Seg:display0| ; 14 (14)             ; 0 (0)                     ; 0           ; 0            ; 0       ; 0         ; 0    ; 0            ; |FSMtopLevel|tempo:unidade_hora|conversorHex7Seg:display0    ; conversorHex7Seg ; work         ;
;       |mux2:MUX1|                 ; 3 (3)               ; 0 (0)                     ; 0           ; 0            ; 0       ; 0         ; 0    ; 0            ; |FSMtopLevel|tempo:unidade_hora|mux2:MUX1                    ; mux2             ; work         ;
;       |registrador:reg|           ; 0 (0)               ; 4 (4)                     ; 0           ; 0            ; 0       ; 0         ; 0    ; 0            ; |FSMtopLevel|tempo:unidade_hora|registrador:reg              ; registrador      ; work         ;
;       |xor2:XOR1|                 ; 3 (3)               ; 0 (0)                     ; 0           ; 0            ; 0       ; 0         ; 0    ; 0            ; |FSMtopLevel|tempo:unidade_hora|xor2:XOR1                    ; xor2             ; work         ;
;    |tempo:unidade_minuto|         ; 21 (0)              ; 4 (0)                     ; 0           ; 0            ; 0       ; 0         ; 0    ; 0            ; |FSMtopLevel|tempo:unidade_minuto                            ; tempo            ; work         ;
;       |ULA:ULA|                   ; 4 (4)               ; 0 (0)                     ; 0           ; 0            ; 0       ; 0         ; 0    ; 0            ; |FSMtopLevel|tempo:unidade_minuto|ULA:ULA                    ; ULA              ; work         ;
;       |conversorHex7Seg:display0| ; 14 (14)             ; 0 (0)                     ; 0           ; 0            ; 0       ; 0         ; 0    ; 0            ; |FSMtopLevel|tempo:unidade_minuto|conversorHex7Seg:display0  ; conversorHex7Seg ; work         ;
;       |mux2:MUX1|                 ; 2 (2)               ; 0 (0)                     ; 0           ; 0            ; 0       ; 0         ; 0    ; 0            ; |FSMtopLevel|tempo:unidade_minuto|mux2:MUX1                  ; mux2             ; work         ;
;       |registrador:reg|           ; 0 (0)               ; 4 (4)                     ; 0           ; 0            ; 0       ; 0         ; 0    ; 0            ; |FSMtopLevel|tempo:unidade_minuto|registrador:reg            ; registrador      ; work         ;
;       |xor2:XOR1|                 ; 1 (1)               ; 0 (0)                     ; 0           ; 0            ; 0       ; 0         ; 0    ; 0            ; |FSMtopLevel|tempo:unidade_minuto|xor2:XOR1                  ; xor2             ; work         ;
;    |tempo:unidade_segundo|        ; 20 (0)              ; 4 (0)                     ; 0           ; 0            ; 0       ; 0         ; 0    ; 0            ; |FSMtopLevel|tempo:unidade_segundo                           ; tempo            ; work         ;
;       |ULA:ULA|                   ; 3 (3)               ; 0 (0)                     ; 0           ; 0            ; 0       ; 0         ; 0    ; 0            ; |FSMtopLevel|tempo:unidade_segundo|ULA:ULA                   ; ULA              ; work         ;
;       |conversorHex7Seg:display0| ; 13 (13)             ; 0 (0)                     ; 0           ; 0            ; 0       ; 0         ; 0    ; 0            ; |FSMtopLevel|tempo:unidade_segundo|conversorHex7Seg:display0 ; conversorHex7Seg ; work         ;
;       |mux2:MUX1|                 ; 2 (2)               ; 0 (0)                     ; 0           ; 0            ; 0       ; 0         ; 0    ; 0            ; |FSMtopLevel|tempo:unidade_segundo|mux2:MUX1                 ; mux2             ; work         ;
;       |registrador:reg|           ; 0 (0)               ; 4 (4)                     ; 0           ; 0            ; 0       ; 0         ; 0    ; 0            ; |FSMtopLevel|tempo:unidade_segundo|registrador:reg           ; registrador      ; work         ;
;       |xor2:XOR1|                 ; 2 (2)               ; 0 (0)                     ; 0           ; 0            ; 0       ; 0         ; 0    ; 0            ; |FSMtopLevel|tempo:unidade_segundo|xor2:XOR1                 ; xor2             ; work         ;
+-----------------------------------+---------------------+---------------------------+-------------+--------------+---------+-----------+------+--------------+--------------------------------------------------------------+------------------+--------------+
Note: For table entries with two numbers listed, the numbers in parentheses indicate the number of resources of the given type used by the specific entity alone. The numbers listed outside of parentheses indicate the total resources of the given type used by the specific entity and all of its sub-entities in the hierarchy.


+-----------------------------------------------------------------------------------------------------+
; Registers Removed During Synthesis                                                                  ;
+-----------------------------------------------------+-----------------------------------------------+
; Register name                                       ; Reason for Removal                            ;
+-----------------------------------------------------+-----------------------------------------------+
; CountOneSec:counter|division[1,7,9,14,15,20,22..25] ; Stuck at GND due to stuck port data_in        ;
; CountOneSec:counter|output[1..3]                    ; Stuck at GND due to stuck port data_in        ;
; CountOneSec:counter|division[11]                    ; Merged with CountOneSec:counter|division[10]  ;
; debounce:btn_set_minuto|output[2,3]                 ; Merged with debounce:btn_set_minuto|output[1] ;
; debounce:btn_set_hora|output[2,3]                   ; Merged with debounce:btn_set_hora|output[1]   ;
; CountOneSec:counter|division[2..6,8,12,13,18]       ; Merged with CountOneSec:counter|division[0]   ;
; CountOneSec:counter|division[17,19,21]              ; Merged with CountOneSec:counter|division[16]  ;
; debounce:btn_set_hora|output[1]                     ; Stuck at GND due to stuck port data_in        ;
; debounce:btn_set_minuto|output[1]                   ; Stuck at GND due to stuck port data_in        ;
; Total Number of Removed Registers = 32              ;                                               ;
+-----------------------------------------------------+-----------------------------------------------+


+------------------------------------------------------+
; General Register Statistics                          ;
+----------------------------------------------+-------+
; Statistic                                    ; Value ;
+----------------------------------------------+-------+
; Total registers                              ; 108   ;
; Number of registers using Synchronous Clear  ; 26    ;
; Number of registers using Synchronous Load   ; 0     ;
; Number of registers using Asynchronous Clear ; 52    ;
; Number of registers using Asynchronous Load  ; 0     ;
; Number of registers using Clock Enable       ; 2     ;
; Number of registers using Preset             ; 0     ;
+----------------------------------------------+-------+


+------------------------------------------------------------------------------------+
; Parameter Settings for User Entity Instance: tempo:unidade_segundo|registrador:reg ;
+----------------+-------+-----------------------------------------------------------+
; Parameter Name ; Value ; Type                                                      ;
+----------------+-------+-----------------------------------------------------------+
; larguradados   ; 4     ; Signed Integer                                            ;
+----------------+-------+-----------------------------------------------------------+
Note: In order to hide this table in the UI and the text report file, please set the "Show Parameter Settings in Synthesis Report" option in "Analysis and Synthesis Settings -> More Settings" to "Off".


+----------------------------------------------------------------------------+
; Parameter Settings for User Entity Instance: tempo:unidade_segundo|ULA:ULA ;
+----------------+-------+---------------------------------------------------+
; Parameter Name ; Value ; Type                                              ;
+----------------+-------+---------------------------------------------------+
; larguradados   ; 4     ; Signed Integer                                    ;
+----------------+-------+---------------------------------------------------+
Note: In order to hide this table in the UI and the text report file, please set the "Show Parameter Settings in Synthesis Report" option in "Analysis and Synthesis Settings -> More Settings" to "Off".


+-----------------------------------------------------------------------------------+
; Parameter Settings for User Entity Instance: tempo:dezena_segundo|registrador:reg ;
+----------------+-------+----------------------------------------------------------+
; Parameter Name ; Value ; Type                                                     ;
+----------------+-------+----------------------------------------------------------+
; larguradados   ; 4     ; Signed Integer                                           ;
+----------------+-------+----------------------------------------------------------+
Note: In order to hide this table in the UI and the text report file, please set the "Show Parameter Settings in Synthesis Report" option in "Analysis and Synthesis Settings -> More Settings" to "Off".


+---------------------------------------------------------------------------+
; Parameter Settings for User Entity Instance: tempo:dezena_segundo|ULA:ULA ;
+----------------+-------+--------------------------------------------------+
; Parameter Name ; Value ; Type                                             ;
+----------------+-------+--------------------------------------------------+
; larguradados   ; 4     ; Signed Integer                                   ;
+----------------+-------+--------------------------------------------------+
Note: In order to hide this table in the UI and the text report file, please set the "Show Parameter Settings in Synthesis Report" option in "Analysis and Synthesis Settings -> More Settings" to "Off".


+-----------------------------------------------------------------------------------+
; Parameter Settings for User Entity Instance: tempo:unidade_minuto|registrador:reg ;
+----------------+-------+----------------------------------------------------------+
; Parameter Name ; Value ; Type                                                     ;
+----------------+-------+----------------------------------------------------------+
; larguradados   ; 4     ; Signed Integer                                           ;
+----------------+-------+----------------------------------------------------------+
Note: In order to hide this table in the UI and the text report file, please set the "Show Parameter Settings in Synthesis Report" option in "Analysis and Synthesis Settings -> More Settings" to "Off".


+---------------------------------------------------------------------------+
; Parameter Settings for User Entity Instance: tempo:unidade_minuto|ULA:ULA ;
+----------------+-------+--------------------------------------------------+
; Parameter Name ; Value ; Type                                             ;
+----------------+-------+--------------------------------------------------+
; larguradados   ; 4     ; Signed Integer                                   ;
+----------------+-------+--------------------------------------------------+
Note: In order to hide this table in the UI and the text report file, please set the "Show Parameter Settings in Synthesis Report" option in "Analysis and Synthesis Settings -> More Settings" to "Off".


+----------------------------------------------------------------------------------+
; Parameter Settings for User Entity Instance: tempo:dezena_minuto|registrador:reg ;
+----------------+-------+---------------------------------------------------------+
; Parameter Name ; Value ; Type                                                    ;
+----------------+-------+---------------------------------------------------------+
; larguradados   ; 4     ; Signed Integer                                          ;
+----------------+-------+---------------------------------------------------------+
Note: In order to hide this table in the UI and the text report file, please set the "Show Parameter Settings in Synthesis Report" option in "Analysis and Synthesis Settings -> More Settings" to "Off".


+--------------------------------------------------------------------------+
; Parameter Settings for User Entity Instance: tempo:dezena_minuto|ULA:ULA ;
+----------------+-------+-------------------------------------------------+
; Parameter Name ; Value ; Type                                            ;
+----------------+-------+-------------------------------------------------+
; larguradados   ; 4     ; Signed Integer                                  ;
+----------------+-------+-------------------------------------------------+
Note: In order to hide this table in the UI and the text report file, please set the "Show Parameter Settings in Synthesis Report" option in "Analysis and Synthesis Settings -> More Settings" to "Off".


+---------------------------------------------------------------------------------+
; Parameter Settings for User Entity Instance: tempo:unidade_hora|registrador:reg ;
+----------------+-------+--------------------------------------------------------+
; Parameter Name ; Value ; Type                                                   ;
+----------------+-------+--------------------------------------------------------+
; larguradados   ; 4     ; Signed Integer                                         ;
+----------------+-------+--------------------------------------------------------+
Note: In order to hide this table in the UI and the text report file, please set the "Show Parameter Settings in Synthesis Report" option in "Analysis and Synthesis Settings -> More Settings" to "Off".


+-------------------------------------------------------------------------+
; Parameter Settings for User Entity Instance: tempo:unidade_hora|ULA:ULA ;
+----------------+-------+------------------------------------------------+
; Parameter Name ; Value ; Type                                           ;
+----------------+-------+------------------------------------------------+
; larguradados   ; 4     ; Signed Integer                                 ;
+----------------+-------+------------------------------------------------+
Note: In order to hide this table in the UI and the text report file, please set the "Show Parameter Settings in Synthesis Report" option in "Analysis and Synthesis Settings -> More Settings" to "Off".


+--------------------------------------------------------------------------------+
; Parameter Settings for User Entity Instance: tempo:dezena_hora|registrador:reg ;
+----------------+-------+-------------------------------------------------------+
; Parameter Name ; Value ; Type                                                  ;
+----------------+-------+-------------------------------------------------------+
; larguradados   ; 4     ; Signed Integer                                        ;
+----------------+-------+-------------------------------------------------------+
Note: In order to hide this table in the UI and the text report file, please set the "Show Parameter Settings in Synthesis Report" option in "Analysis and Synthesis Settings -> More Settings" to "Off".


+------------------------------------------------------------------------+
; Parameter Settings for User Entity Instance: tempo:dezena_hora|ULA:ULA ;
+----------------+-------+-----------------------------------------------+
; Parameter Name ; Value ; Type                                          ;
+----------------+-------+-----------------------------------------------+
; larguradados   ; 4     ; Signed Integer                                ;
+----------------+-------+-----------------------------------------------+
Note: In order to hide this table in the UI and the text report file, please set the "Show Parameter Settings in Synthesis Report" option in "Analysis and Synthesis Settings -> More Settings" to "Off".


+--------------------------------------------------------------------------------------------------------------------+
; Port Connectivity Checks: "tempo:dezena_hora"                                                                      ;
+----------+--------+----------+-------------------------------------------------------------------------------------+
; Port     ; Type   ; Severity ; Details                                                                             ;
+----------+--------+----------+-------------------------------------------------------------------------------------+
; cv[1..0] ; Input  ; Info     ; Stuck at VCC                                                                        ;
; cv[3..2] ; Input  ; Info     ; Stuck at GND                                                                        ;
; s        ; Output ; Info     ; Connected to dangling logic. Logic that only feeds a dangling port will be removed. ;
+----------+--------+----------+-------------------------------------------------------------------------------------+


+-----------------------------------------------------------------------------------------------------------------+
; Port Connectivity Checks: "tempo:unidade_hora"                                                                  ;
+-------+--------+----------+-------------------------------------------------------------------------------------+
; Port  ; Type   ; Severity ; Details                                                                             ;
+-------+--------+----------+-------------------------------------------------------------------------------------+
; cv[0] ; Input  ; Info     ; Stuck at GND                                                                        ;
; sreg  ; Output ; Info     ; Connected to dangling logic. Logic that only feeds a dangling port will be removed. ;
+-------+--------+----------+-------------------------------------------------------------------------------------+


+--------------------------------------------------------------------------------------------------------------------+
; Port Connectivity Checks: "tempo:dezena_minuto"                                                                    ;
+----------+--------+----------+-------------------------------------------------------------------------------------+
; Port     ; Type   ; Severity ; Details                                                                             ;
+----------+--------+----------+-------------------------------------------------------------------------------------+
; cv[2..1] ; Input  ; Info     ; Stuck at VCC                                                                        ;
; cv[3]    ; Input  ; Info     ; Stuck at GND                                                                        ;
; cv[0]    ; Input  ; Info     ; Stuck at GND                                                                        ;
; sreg     ; Output ; Info     ; Connected to dangling logic. Logic that only feeds a dangling port will be removed. ;
+----------+--------+----------+-------------------------------------------------------------------------------------+


+-----------------------------------------------------------------------------------------------------------------+
; Port Connectivity Checks: "tempo:unidade_minuto"                                                                ;
+-------+--------+----------+-------------------------------------------------------------------------------------+
; Port  ; Type   ; Severity ; Details                                                                             ;
+-------+--------+----------+-------------------------------------------------------------------------------------+
; cv[3] ; Input  ; Info     ; Stuck at VCC                                                                        ;
; cv[2] ; Input  ; Info     ; Stuck at GND                                                                        ;
; cv[1] ; Input  ; Info     ; Stuck at VCC                                                                        ;
; cv[0] ; Input  ; Info     ; Stuck at GND                                                                        ;
; sreg  ; Output ; Info     ; Connected to dangling logic. Logic that only feeds a dangling port will be removed. ;
+-------+--------+----------+-------------------------------------------------------------------------------------+


+--------------------------------------------------------------------------------------------------------------------+
; Port Connectivity Checks: "tempo:dezena_segundo"                                                                   ;
+----------+--------+----------+-------------------------------------------------------------------------------------+
; Port     ; Type   ; Severity ; Details                                                                             ;
+----------+--------+----------+-------------------------------------------------------------------------------------+
; cv[2..1] ; Input  ; Info     ; Stuck at VCC                                                                        ;
; cv[3]    ; Input  ; Info     ; Stuck at GND                                                                        ;
; cv[0]    ; Input  ; Info     ; Stuck at GND                                                                        ;
; sreg     ; Output ; Info     ; Connected to dangling logic. Logic that only feeds a dangling port will be removed. ;
+----------+--------+----------+-------------------------------------------------------------------------------------+


+-----------------------------------------------------------------------------+
; Port Connectivity Checks: "tempo:unidade_segundo|conversorHex7Seg:display0" ;
+----------+-------+----------+-----------------------------------------------+
; Port     ; Type  ; Severity ; Details                                       ;
+----------+-------+----------+-----------------------------------------------+
; negativo ; Input ; Info     ; Stuck at GND                                  ;
; overflow ; Input ; Info     ; Stuck at GND                                  ;
+----------+-------+----------+-----------------------------------------------+


+-------------------------------------------------------------+
; Port Connectivity Checks: "tempo:unidade_segundo|mux2:MUX1" ;
+------+-------+----------+-----------------------------------+
; Port ; Type  ; Severity ; Details                           ;
+------+-------+----------+-----------------------------------+
; b    ; Input ; Info     ; Stuck at GND                      ;
+------+-------+----------+-----------------------------------+


+-----------------------------------------------------------+
; Port Connectivity Checks: "tempo:unidade_segundo|ULA:ULA" ;
+------+-------+----------+---------------------------------+
; Port ; Type  ; Severity ; Details                         ;
+------+-------+----------+---------------------------------+
; sel  ; Input ; Info     ; Stuck at GND                    ;
+------+-------+----------+---------------------------------+


+-------------------------------------------------------------------+
; Port Connectivity Checks: "tempo:unidade_segundo|registrador:reg" ;
+--------+-------+----------+---------------------------------------+
; Port   ; Type  ; Severity ; Details                               ;
+--------+-------+----------+---------------------------------------+
; enable ; Input ; Info     ; Stuck at VCC                          ;
; rst    ; Input ; Info     ; Stuck at GND                          ;
+--------+-------+----------+---------------------------------------+


+-----------------------------------------------------------------------------------------------------------------+
; Port Connectivity Checks: "tempo:unidade_segundo"                                                               ;
+-------+--------+----------+-------------------------------------------------------------------------------------+
; Port  ; Type   ; Severity ; Details                                                                             ;
+-------+--------+----------+-------------------------------------------------------------------------------------+
; cv[3] ; Input  ; Info     ; Stuck at VCC                                                                        ;
; cv[2] ; Input  ; Info     ; Stuck at GND                                                                        ;
; cv[1] ; Input  ; Info     ; Stuck at VCC                                                                        ;
; cv[0] ; Input  ; Info     ; Stuck at GND                                                                        ;
; sreg  ; Output ; Info     ; Connected to dangling logic. Logic that only feeds a dangling port will be removed. ;
+-------+--------+----------+-------------------------------------------------------------------------------------+


+-------------------------------------------------+
; Port Connectivity Checks: "CountOneSec:counter" ;
+-------+-------+----------+----------------------+
; Port  ; Type  ; Severity ; Details              ;
+-------+-------+----------+----------------------+
; reset ; Input ; Info     ; Stuck at GND         ;
+-------+-------+----------+----------------------+


+-----------------------------------------------------+
; Post-Synthesis Netlist Statistics for Top Partition ;
+-----------------------+-----------------------------+
; Type                  ; Count                       ;
+-----------------------+-----------------------------+
; boundary_port         ; 92                          ;
; cycloneiii_ff         ; 108                         ;
;     CLR               ; 52                          ;
;     ENA               ; 2                           ;
;     SCLR              ; 26                          ;
;     plain             ; 28                          ;
; cycloneiii_lcell_comb ; 262                         ;
;     arith             ; 75                          ;
;         2 data inputs ; 75                          ;
;     normal            ; 187                         ;
;         0 data inputs ; 1                           ;
;         1 data inputs ; 4                           ;
;         2 data inputs ; 8                           ;
;         3 data inputs ; 30                          ;
;         4 data inputs ; 144                         ;
;                       ;                             ;
; Max LUT depth         ; 13.00                       ;
; Average LUT depth     ; 4.58                        ;
+-----------------------+-----------------------------+


+-------------------------------+
; Elapsed Time Per Partition    ;
+----------------+--------------+
; Partition Name ; Elapsed Time ;
+----------------+--------------+
; Top            ; 00:00:01     ;
+----------------+--------------+


+-------------------------------+
; Analysis & Synthesis Messages ;
+-------------------------------+
Info: *******************************************************************
Info: Running Quartus Prime Analysis & Synthesis
    Info: Version 17.0.0 Build 595 04/25/2017 SJ Lite Edition
    Info: Processing started: Thu Sep 28 15:00:16 2017
Info: Command: quartus_map --read_settings_files=on --write_settings_files=off relogio -c relogio
Warning (18236): Number of processors has not been specified which may cause overloading on shared machines.  Set the global assignment NUM_PARALLEL_PROCESSORS in your QSF to an appropriate value for best performance.
Info (20030): Parallel compilation is enabled and will use 2 of the 2 processors detected
Info (12021): Found 2 design units, including 1 entities, in source file xor2.vhd
    Info (12022): Found design unit 1: xor2-Behavioral File: /home/matheus/Documents/ProjetoDesignComputadores/xor2.vhd Line: 11
    Info (12023): Found entity 1: xor2 File: /home/matheus/Documents/ProjetoDesignComputadores/xor2.vhd Line: 4
Info (12021): Found 2 design units, including 1 entities, in source file mux2.vhd
    Info (12022): Found design unit 1: mux2-Behavioral File: /home/matheus/Documents/ProjetoDesignComputadores/mux2.vhd Line: 11
    Info (12023): Found entity 1: mux2 File: /home/matheus/Documents/ProjetoDesignComputadores/mux2.vhd Line: 4
Info (12021): Found 2 design units, including 1 entities, in source file SM1.vhd
    Info (12022): Found design unit 1: relogio-BEHAVIOR File: /home/matheus/Documents/ProjetoDesignComputadores/SM1.vhd Line: 32
    Info (12023): Found entity 1: relogio File: /home/matheus/Documents/ProjetoDesignComputadores/SM1.vhd Line: 22
Info (12021): Found 2 design units, including 1 entities, in source file CountOneSec.vhd
    Info (12022): Found design unit 1: CountOneSec-CountOneSec_behaviour File: /home/matheus/Documents/ProjetoDesignComputadores/CountOneSec.vhd Line: 14
    Info (12023): Found entity 1: CountOneSec File: /home/matheus/Documents/ProjetoDesignComputadores/CountOneSec.vhd Line: 6
Info (12021): Found 2 design units, including 1 entities, in source file FSMtopLevel.vhd
    Info (12022): Found design unit 1: FSMtopLevel-FSMtopLevel_architecture File: /home/matheus/Documents/ProjetoDesignComputadores/FSMtopLevel.vhd Line: 20
    Info (12023): Found entity 1: FSMtopLevel File: /home/matheus/Documents/ProjetoDesignComputadores/FSMtopLevel.vhd Line: 5
Info (12021): Found 2 design units, including 1 entities, in source file conversorHex7Seg.vhd
    Info (12022): Found design unit 1: conversorHex7Seg-comportamento File: /home/matheus/Documents/ProjetoDesignComputadores/conversorHex7Seg.vhd Line: 18
    Info (12023): Found entity 1: conversorHex7Seg File: /home/matheus/Documents/ProjetoDesignComputadores/conversorHex7Seg.vhd Line: 5
Warning (12019): Can't analyze file -- file edgeDetector.vhd is missing
Info (12021): Found 2 design units, including 1 entities, in source file registrador.vhd
    Info (12022): Found design unit 1: registrador-comportamento File: /home/matheus/Documents/ProjetoDesignComputadores/registrador.vhd Line: 14
    Info (12023): Found entity 1: registrador File: /home/matheus/Documents/ProjetoDesignComputadores/registrador.vhd Line: 4
Info (12021): Found 2 design units, including 1 entities, in source file ULA.vhd
    Info (12022): Found design unit 1: ULA-comportamento File: /home/matheus/Documents/ProjetoDesignComputadores/ULA.vhd Line: 17
    Info (12023): Found entity 1: ULA File: /home/matheus/Documents/ProjetoDesignComputadores/ULA.vhd Line: 5
Info (12021): Found 2 design units, including 1 entities, in source file tempo.vhd
    Info (12022): Found design unit 1: tempo-tempo_architecture File: /home/matheus/Documents/ProjetoDesignComputadores/tempo.vhd Line: 17
    Info (12023): Found entity 1: tempo File: /home/matheus/Documents/ProjetoDesignComputadores/tempo.vhd Line: 5
Info (12021): Found 2 design units, including 1 entities, in source file not2.vhd
    Info (12022): Found design unit 1: not2-func File: /home/matheus/Documents/ProjetoDesignComputadores/not2.vhd Line: 11
    Info (12023): Found entity 1: not2 File: /home/matheus/Documents/ProjetoDesignComputadores/not2.vhd Line: 5
Info (12021): Found 2 design units, including 1 entities, in source file mux1.vhd
    Info (12022): Found design unit 1: mux1-Behavioral File: /home/matheus/Documents/ProjetoDesignComputadores/mux1.vhd Line: 11
    Info (12023): Found entity 1: mux1 File: /home/matheus/Documents/ProjetoDesignComputadores/mux1.vhd Line: 4
Info (12021): Found 2 design units, including 1 entities, in source file debounce.vhd
    Info (12022): Found design unit 1: debounce-Behavioral File: /home/matheus/Documents/ProjetoDesignComputadores/debounce.vhd Line: 14
    Info (12023): Found entity 1: debounce File: /home/matheus/Documents/ProjetoDesignComputadores/debounce.vhd Line: 6
Info (12127): Elaborating entity "FSMtopLevel" for the top level hierarchy
Warning (10540): VHDL Signal Declaration warning at FSMtopLevel.vhd(13): used explicit default value for signal "LEDR" because signal was never assigned a value File: /home/matheus/Documents/ProjetoDesignComputadores/FSMtopLevel.vhd Line: 13
Warning (10540): VHDL Signal Declaration warning at FSMtopLevel.vhd(14): used explicit default value for signal "LEDG" because signal was never assigned a value File: /home/matheus/Documents/ProjetoDesignComputadores/FSMtopLevel.vhd Line: 14
Warning (10036): Verilog HDL or VHDL warning at FSMtopLevel.vhd(21): object "output_dh" assigned a value but never read File: /home/matheus/Documents/ProjetoDesignComputadores/FSMtopLevel.vhd Line: 21
Info (12128): Elaborating entity "CountOneSec" for hierarchy "CountOneSec:counter" File: /home/matheus/Documents/ProjetoDesignComputadores/FSMtopLevel.vhd Line: 24
Info (12128): Elaborating entity "tempo" for hierarchy "tempo:unidade_segundo" File: /home/matheus/Documents/ProjetoDesignComputadores/FSMtopLevel.vhd Line: 28
Info (12128): Elaborating entity "registrador" for hierarchy "tempo:unidade_segundo|registrador:reg" File: /home/matheus/Documents/ProjetoDesignComputadores/tempo.vhd Line: 21
Info (12128): Elaborating entity "ULA" for hierarchy "tempo:unidade_segundo|ULA:ULA" File: /home/matheus/Documents/ProjetoDesignComputadores/tempo.vhd Line: 24
Info (12128): Elaborating entity "xor2" for hierarchy "tempo:unidade_segundo|xor2:XOR1" File: /home/matheus/Documents/ProjetoDesignComputadores/tempo.vhd Line: 27
Info (12128): Elaborating entity "mux2" for hierarchy "tempo:unidade_segundo|mux2:MUX1" File: /home/matheus/Documents/ProjetoDesignComputadores/tempo.vhd Line: 29
Info (12128): Elaborating entity "conversorHex7Seg" for hierarchy "tempo:unidade_segundo|conversorHex7Seg:display0" File: /home/matheus/Documents/ProjetoDesignComputadores/tempo.vhd Line: 31
Info (12128): Elaborating entity "not2" for hierarchy "tempo:unidade_segundo|not2:saida" File: /home/matheus/Documents/ProjetoDesignComputadores/tempo.vhd Line: 33
Warning (10873): Using initial value X (don't care) for net "X[3..1]" at not2.vhd(7) File: /home/matheus/Documents/ProjetoDesignComputadores/not2.vhd Line: 7
Info (12128): Elaborating entity "debounce" for hierarchy "debounce:btn_set_minuto" File: /home/matheus/Documents/ProjetoDesignComputadores/FSMtopLevel.vhd Line: 33
Info (12128): Elaborating entity "mux1" for hierarchy "mux1:mux_set_minuto" File: /home/matheus/Documents/ProjetoDesignComputadores/FSMtopLevel.vhd Line: 35
Warning (13024): Output pins are stuck at VCC or GND
    Warning (13410): Pin "LEDR[0]" is stuck at GND File: /home/matheus/Documents/ProjetoDesignComputadores/FSMtopLevel.vhd Line: 13
    Warning (13410): Pin "LEDR[1]" is stuck at GND File: /home/matheus/Documents/ProjetoDesignComputadores/FSMtopLevel.vhd Line: 13
    Warning (13410): Pin "LEDR[2]" is stuck at GND File: /home/matheus/Documents/ProjetoDesignComputadores/FSMtopLevel.vhd Line: 13
    Warning (13410): Pin "LEDR[3]" is stuck at GND File: /home/matheus/Documents/ProjetoDesignComputadores/FSMtopLevel.vhd Line: 13
    Warning (13410): Pin "LEDR[4]" is stuck at GND File: /home/matheus/Documents/ProjetoDesignComputadores/FSMtopLevel.vhd Line: 13
    Warning (13410): Pin "LEDR[5]" is stuck at GND File: /home/matheus/Documents/ProjetoDesignComputadores/FSMtopLevel.vhd Line: 13
    Warning (13410): Pin "LEDR[6]" is stuck at GND File: /home/matheus/Documents/ProjetoDesignComputadores/FSMtopLevel.vhd Line: 13
    Warning (13410): Pin "LEDR[7]" is stuck at GND File: /home/matheus/Documents/ProjetoDesignComputadores/FSMtopLevel.vhd Line: 13
    Warning (13410): Pin "LEDR[8]" is stuck at GND File: /home/matheus/Documents/ProjetoDesignComputadores/FSMtopLevel.vhd Line: 13
    Warning (13410): Pin "LEDR[9]" is stuck at GND File: /home/matheus/Documents/ProjetoDesignComputadores/FSMtopLevel.vhd Line: 13
    Warning (13410): Pin "LEDR[10]" is stuck at GND File: /home/matheus/Documents/ProjetoDesignComputadores/FSMtopLevel.vhd Line: 13
    Warning (13410): Pin "LEDR[11]" is stuck at GND File: /home/matheus/Documents/ProjetoDesignComputadores/FSMtopLevel.vhd Line: 13
    Warning (13410): Pin "LEDR[12]" is stuck at GND File: /home/matheus/Documents/ProjetoDesignComputadores/FSMtopLevel.vhd Line: 13
    Warning (13410): Pin "LEDR[13]" is stuck at GND File: /home/matheus/Documents/ProjetoDesignComputadores/FSMtopLevel.vhd Line: 13
    Warning (13410): Pin "LEDR[14]" is stuck at GND File: /home/matheus/Documents/ProjetoDesignComputadores/FSMtopLevel.vhd Line: 13
    Warning (13410): Pin "LEDR[15]" is stuck at GND File: /home/matheus/Documents/ProjetoDesignComputadores/FSMtopLevel.vhd Line: 13
    Warning (13410): Pin "LEDR[16]" is stuck at GND File: /home/matheus/Documents/ProjetoDesignComputadores/FSMtopLevel.vhd Line: 13
    Warning (13410): Pin "LEDR[17]" is stuck at GND File: /home/matheus/Documents/ProjetoDesignComputadores/FSMtopLevel.vhd Line: 13
    Warning (13410): Pin "LEDG[0]" is stuck at GND File: /home/matheus/Documents/ProjetoDesignComputadores/FSMtopLevel.vhd Line: 14
    Warning (13410): Pin "LEDG[1]" is stuck at GND File: /home/matheus/Documents/ProjetoDesignComputadores/FSMtopLevel.vhd Line: 14
    Warning (13410): Pin "LEDG[2]" is stuck at GND File: /home/matheus/Documents/ProjetoDesignComputadores/FSMtopLevel.vhd Line: 14
    Warning (13410): Pin "LEDG[3]" is stuck at GND File: /home/matheus/Documents/ProjetoDesignComputadores/FSMtopLevel.vhd Line: 14
    Warning (13410): Pin "LEDG[4]" is stuck at GND File: /home/matheus/Documents/ProjetoDesignComputadores/FSMtopLevel.vhd Line: 14
    Warning (13410): Pin "LEDG[5]" is stuck at GND File: /home/matheus/Documents/ProjetoDesignComputadores/FSMtopLevel.vhd Line: 14
    Warning (13410): Pin "LEDG[6]" is stuck at GND File: /home/matheus/Documents/ProjetoDesignComputadores/FSMtopLevel.vhd Line: 14
    Warning (13410): Pin "LEDG[7]" is stuck at GND File: /home/matheus/Documents/ProjetoDesignComputadores/FSMtopLevel.vhd Line: 14
    Warning (13410): Pin "LEDG[8]" is stuck at GND File: /home/matheus/Documents/ProjetoDesignComputadores/FSMtopLevel.vhd Line: 14
Info (286030): Timing-Driven Synthesis is running
Info (16010): Generating hard_block partition "hard_block:auto_generated_inst"
    Info (16011): Adding 0 node(s), including 0 DDIO, 0 PLL, 0 transceiver and 0 LCELL
Warning (21074): Design contains 17 input pin(s) that do not drive logic
    Warning (15610): No output dependent on input pin "KEY[2]" File: /home/matheus/Documents/ProjetoDesignComputadores/FSMtopLevel.vhd Line: 9
    Warning (15610): No output dependent on input pin "KEY[3]" File: /home/matheus/Documents/ProjetoDesignComputadores/FSMtopLevel.vhd Line: 9
    Warning (15610): No output dependent on input pin "SW[3]" File: /home/matheus/Documents/ProjetoDesignComputadores/FSMtopLevel.vhd Line: 10
    Warning (15610): No output dependent on input pin "SW[4]" File: /home/matheus/Documents/ProjetoDesignComputadores/FSMtopLevel.vhd Line: 10
    Warning (15610): No output dependent on input pin "SW[5]" File: /home/matheus/Documents/ProjetoDesignComputadores/FSMtopLevel.vhd Line: 10
    Warning (15610): No output dependent on input pin "SW[6]" File: /home/matheus/Documents/ProjetoDesignComputadores/FSMtopLevel.vhd Line: 10
    Warning (15610): No output dependent on input pin "SW[7]" File: /home/matheus/Documents/ProjetoDesignComputadores/FSMtopLevel.vhd Line: 10
    Warning (15610): No output dependent on input pin "SW[8]" File: /home/matheus/Documents/ProjetoDesignComputadores/FSMtopLevel.vhd Line: 10
    Warning (15610): No output dependent on input pin "SW[9]" File: /home/matheus/Documents/ProjetoDesignComputadores/FSMtopLevel.vhd Line: 10
    Warning (15610): No output dependent on input pin "SW[10]" File: /home/matheus/Documents/ProjetoDesignComputadores/FSMtopLevel.vhd Line: 10
    Warning (15610): No output dependent on input pin "SW[11]" File: /home/matheus/Documents/ProjetoDesignComputadores/FSMtopLevel.vhd Line: 10
    Warning (15610): No output dependent on input pin "SW[12]" File: /home/matheus/Documents/ProjetoDesignComputadores/FSMtopLevel.vhd Line: 10
    Warning (15610): No output dependent on input pin "SW[13]" File: /home/matheus/Documents/ProjetoDesignComputadores/FSMtopLevel.vhd Line: 10
    Warning (15610): No output dependent on input pin "SW[14]" File: /home/matheus/Documents/ProjetoDesignComputadores/FSMtopLevel.vhd Line: 10
    Warning (15610): No output dependent on input pin "SW[15]" File: /home/matheus/Documents/ProjetoDesignComputadores/FSMtopLevel.vhd Line: 10
    Warning (15610): No output dependent on input pin "SW[16]" File: /home/matheus/Documents/ProjetoDesignComputadores/FSMtopLevel.vhd Line: 10
    Warning (15610): No output dependent on input pin "SW[17]" File: /home/matheus/Documents/ProjetoDesignComputadores/FSMtopLevel.vhd Line: 10
Info (21057): Implemented 360 device resources after synthesis - the final resource count might be different
    Info (21058): Implemented 23 input pins
    Info (21059): Implemented 69 output pins
    Info (21061): Implemented 268 logic cells
Info: Quartus Prime Analysis & Synthesis was successful. 0 errors, 52 warnings
    Info: Peak virtual memory: 971 megabytes
    Info: Processing ended: Thu Sep 28 15:00:32 2017
    Info: Elapsed time: 00:00:16
    Info: Total CPU time (on all processors): 00:00:36


